// Jest Snapshot v1, https://goo.gl/fbAQLP

exports[`renders correctly 1`] = `
ShallowWrapper {
  "length": 1,
  Symbol(enzyme.__root__): [Circular],
  Symbol(enzyme.__unrendered__): <DonateNavbar />,
  Symbol(enzyme.__renderer__): Object {
    "batchedUpdates": [Function],
    "getNode": [Function],
    "render": [Function],
    "simulateEvent": [Function],
    "unmount": [Function],
  },
  Symbol(enzyme.__node__): Object {
    "instance": null,
    "key": undefined,
    "nodeType": "host",
    "props": Object {
      "children": Array [
        <div
          className="container-fluid mx-2 my-2"
>
          <a
                    className="navbar-brand p-0 mr-4 my-0"
                    href="#"
          >
                    <img
                              id="logo"
                              src="qualitydonationslogo.png"
                    />
          </a>
          <button
                    className="navbar-toggler"
                    data-target="#navbarNavForm"
                    data-toggle="collapse"
          >
                    <span
                              className="navbar-toggler-icon"
                    />
          </button>
          <div
                    className="collapse navbar-collapse"
                    id="navbarNavForm"
          >
                    
                    <ul
                              className="navbar-nav ml-auto"
                    >
                              <li
                                        className="nav-item"
                              >
                                        <a
                                                  className="nav-link"
                                                  data-target="#loginModal"
                                                  data-toggle="modal"
                                                  href="#"
                                        >
                                                  donate
                                        </a>
                              </li>
                              <li
                                        className="nav-item"
                              >
                                        <a
                                                  className="nav-link"
                                                  data-target="#loginModal"
                                                  data-toggle="modal"
                                                  href="#"
                                        >
                                                  login
                                        </a>
                              </li>
                              <li
                                        className="nav-item"
                              >
                                        <a
                                                  className="nav-link"
                                                  data-target="#signupModal"
                                                  data-toggle="modal"
                                                  href="#"
                                        >
                                                  sign up
                                        </a>
                              </li>
                    </ul>
          </div>
</div>,
        <LoginM
          handleChange={undefined}
          handleLoginSubmit={undefined}
          password={undefined}
          username={undefined}
/>,
        <SignupM
          handleChange={undefined}
          handleSignupSubmit={undefined}
          signupEmail={undefined}
          signupFirstname={undefined}
          signupLastname={undefined}
          signupPassword={undefined}
          signupUsername={undefined}
          signupconfirmPassword={undefined}
/>,
      ],
      "className": "navbar navbar-expand-md p-0 m-0",
    },
    "ref": null,
    "rendered": Array [
      Object {
        "instance": null,
        "key": undefined,
        "nodeType": "host",
        "props": Object {
          "children": Array [
            <a
              className="navbar-brand p-0 mr-4 my-0"
              href="#"
>
              <img
                            id="logo"
                            src="qualitydonationslogo.png"
              />
</a>,
            <button
              className="navbar-toggler"
              data-target="#navbarNavForm"
              data-toggle="collapse"
>
              <span
                            className="navbar-toggler-icon"
              />
</button>,
            <div
              className="collapse navbar-collapse"
              id="navbarNavForm"
>
              
              <ul
                            className="navbar-nav ml-auto"
              >
                            <li
                                          className="nav-item"
                            >
                                          <a
                                                        className="nav-link"
                                                        data-target="#loginModal"
                                                        data-toggle="modal"
                                                        href="#"
                                          >
                                                        donate
                                          </a>
                            </li>
                            <li
                                          className="nav-item"
                            >
                                          <a
                                                        className="nav-link"
                                                        data-target="#loginModal"
                                                        data-toggle="modal"
                                                        href="#"
                                          >
                                                        login
                                          </a>
                            </li>
                            <li
                                          className="nav-item"
                            >
                                          <a
                                                        className="nav-link"
                                                        data-target="#signupModal"
                                                        data-toggle="modal"
                                                        href="#"
                                          >
                                                        sign up
                                          </a>
                            </li>
              </ul>
</div>,
          ],
          "className": "container-fluid mx-2 my-2",
        },
        "ref": null,
        "rendered": Array [
          Object {
            "instance": null,
            "key": undefined,
            "nodeType": "host",
            "props": Object {
              "children": <img
                id="logo"
                src="qualitydonationslogo.png"
/>,
              "className": "navbar-brand p-0 mr-4 my-0",
              "href": "#",
            },
            "ref": null,
            "rendered": Object {
              "instance": null,
              "key": undefined,
              "nodeType": "host",
              "props": Object {
                "id": "logo",
                "src": "qualitydonationslogo.png",
              },
              "ref": null,
              "rendered": null,
              "type": "img",
            },
            "type": "a",
          },
          Object {
            "instance": null,
            "key": undefined,
            "nodeType": "host",
            "props": Object {
              "children": <span
                className="navbar-toggler-icon"
/>,
              "className": "navbar-toggler",
              "data-target": "#navbarNavForm",
              "data-toggle": "collapse",
            },
            "ref": null,
            "rendered": Object {
              "instance": null,
              "key": undefined,
              "nodeType": "host",
              "props": Object {
                "className": "navbar-toggler-icon",
              },
              "ref": null,
              "rendered": null,
              "type": "span",
            },
            "type": "button",
          },
          Object {
            "instance": null,
            "key": undefined,
            "nodeType": "host",
            "props": Object {
              "children": Array [
                "",
                <ul
                  className="navbar-nav ml-auto"
>
                  <li
                                    className="nav-item"
                  >
                                    <a
                                                      className="nav-link"
                                                      data-target="#loginModal"
                                                      data-toggle="modal"
                                                      href="#"
                                    >
                                                      donate
                                    </a>
                  </li>
                  <li
                                    className="nav-item"
                  >
                                    <a
                                                      className="nav-link"
                                                      data-target="#loginModal"
                                                      data-toggle="modal"
                                                      href="#"
                                    >
                                                      login
                                    </a>
                  </li>
                  <li
                                    className="nav-item"
                  >
                                    <a
                                                      className="nav-link"
                                                      data-target="#signupModal"
                                                      data-toggle="modal"
                                                      href="#"
                                    >
                                                      sign up
                                    </a>
                  </li>
</ul>,
              ],
              "className": "collapse navbar-collapse",
              "id": "navbarNavForm",
            },
            "ref": null,
            "rendered": Array [
              "",
              Object {
                "instance": null,
                "key": undefined,
                "nodeType": "host",
                "props": Object {
                  "children": Array [
                    <li
                      className="nav-item"
>
                      <a
                                            className="nav-link"
                                            data-target="#loginModal"
                                            data-toggle="modal"
                                            href="#"
                      >
                                            donate
                      </a>
</li>,
                    <li
                      className="nav-item"
>
                      <a
                                            className="nav-link"
                                            data-target="#loginModal"
                                            data-toggle="modal"
                                            href="#"
                      >
                                            login
                      </a>
</li>,
                    <li
                      className="nav-item"
>
                      <a
                                            className="nav-link"
                                            data-target="#signupModal"
                                            data-toggle="modal"
                                            href="#"
                      >
                                            sign up
                      </a>
</li>,
                  ],
                  "className": "navbar-nav ml-auto",
                },
                "ref": null,
                "rendered": Array [
                  Object {
                    "instance": null,
                    "key": undefined,
                    "nodeType": "host",
                    "props": Object {
                      "children": <a
                        className="nav-link"
                        data-target="#loginModal"
                        data-toggle="modal"
                        href="#"
>
                        donate
</a>,
                      "className": "nav-item",
                    },
                    "ref": null,
                    "rendered": Object {
                      "instance": null,
                      "key": undefined,
                      "nodeType": "host",
                      "props": Object {
                        "children": "donate",
                        "className": "nav-link",
                        "data-target": "#loginModal",
                        "data-toggle": "modal",
                        "href": "#",
                      },
                      "ref": null,
                      "rendered": "donate",
                      "type": "a",
                    },
                    "type": "li",
                  },
                  Object {
                    "instance": null,
                    "key": undefined,
                    "nodeType": "host",
                    "props": Object {
                      "children": <a
                        className="nav-link"
                        data-target="#loginModal"
                        data-toggle="modal"
                        href="#"
>
                        login
</a>,
                      "className": "nav-item",
                    },
                    "ref": null,
                    "rendered": Object {
                      "instance": null,
                      "key": undefined,
                      "nodeType": "host",
                      "props": Object {
                        "children": "login",
                        "className": "nav-link",
                        "data-target": "#loginModal",
                        "data-toggle": "modal",
                        "href": "#",
                      },
                      "ref": null,
                      "rendered": "login",
                      "type": "a",
                    },
                    "type": "li",
                  },
                  Object {
                    "instance": null,
                    "key": undefined,
                    "nodeType": "host",
                    "props": Object {
                      "children": <a
                        className="nav-link"
                        data-target="#signupModal"
                        data-toggle="modal"
                        href="#"
>
                        sign up
</a>,
                      "className": "nav-item",
                    },
                    "ref": null,
                    "rendered": Object {
                      "instance": null,
                      "key": undefined,
                      "nodeType": "host",
                      "props": Object {
                        "children": "sign up",
                        "className": "nav-link",
                        "data-target": "#signupModal",
                        "data-toggle": "modal",
                        "href": "#",
                      },
                      "ref": null,
                      "rendered": "sign up",
                      "type": "a",
                    },
                    "type": "li",
                  },
                ],
                "type": "ul",
              },
            ],
            "type": "div",
          },
        ],
        "type": "div",
      },
      Object {
        "instance": null,
        "key": undefined,
        "nodeType": "function",
        "props": Object {
          "handleChange": undefined,
          "handleLoginSubmit": undefined,
          "password": undefined,
          "username": undefined,
        },
        "ref": null,
        "rendered": null,
        "type": [Function],
      },
      Object {
        "instance": null,
        "key": undefined,
        "nodeType": "function",
        "props": Object {
          "handleChange": undefined,
          "handleSignupSubmit": undefined,
          "signupEmail": undefined,
          "signupFirstname": undefined,
          "signupLastname": undefined,
          "signupPassword": undefined,
          "signupUsername": undefined,
          "signupconfirmPassword": undefined,
        },
        "ref": null,
        "rendered": null,
        "type": [Function],
      },
    ],
    "type": "nav",
  },
  Symbol(enzyme.__nodes__): Array [
    Object {
      "instance": null,
      "key": undefined,
      "nodeType": "host",
      "props": Object {
        "children": Array [
          <div
            className="container-fluid mx-2 my-2"
>
            <a
                        className="navbar-brand p-0 mr-4 my-0"
                        href="#"
            >
                        <img
                                    id="logo"
                                    src="qualitydonationslogo.png"
                        />
            </a>
            <button
                        className="navbar-toggler"
                        data-target="#navbarNavForm"
                        data-toggle="collapse"
            >
                        <span
                                    className="navbar-toggler-icon"
                        />
            </button>
            <div
                        className="collapse navbar-collapse"
                        id="navbarNavForm"
            >
                        
                        <ul
                                    className="navbar-nav ml-auto"
                        >
                                    <li
                                                className="nav-item"
                                    >
                                                <a
                                                            className="nav-link"
                                                            data-target="#loginModal"
                                                            data-toggle="modal"
                                                            href="#"
                                                >
                                                            donate
                                                </a>
                                    </li>
                                    <li
                                                className="nav-item"
                                    >
                                                <a
                                                            className="nav-link"
                                                            data-target="#loginModal"
                                                            data-toggle="modal"
                                                            href="#"
                                                >
                                                            login
                                                </a>
                                    </li>
                                    <li
                                                className="nav-item"
                                    >
                                                <a
                                                            className="nav-link"
                                                            data-target="#signupModal"
                                                            data-toggle="modal"
                                                            href="#"
                                                >
                                                            sign up
                                                </a>
                                    </li>
                        </ul>
            </div>
</div>,
          <LoginM
            handleChange={undefined}
            handleLoginSubmit={undefined}
            password={undefined}
            username={undefined}
/>,
          <SignupM
            handleChange={undefined}
            handleSignupSubmit={undefined}
            signupEmail={undefined}
            signupFirstname={undefined}
            signupLastname={undefined}
            signupPassword={undefined}
            signupUsername={undefined}
            signupconfirmPassword={undefined}
/>,
        ],
        "className": "navbar navbar-expand-md p-0 m-0",
      },
      "ref": null,
      "rendered": Array [
        Object {
          "instance": null,
          "key": undefined,
          "nodeType": "host",
          "props": Object {
            "children": Array [
              <a
                className="navbar-brand p-0 mr-4 my-0"
                href="#"
>
                <img
                                id="logo"
                                src="qualitydonationslogo.png"
                />
</a>,
              <button
                className="navbar-toggler"
                data-target="#navbarNavForm"
                data-toggle="collapse"
>
                <span
                                className="navbar-toggler-icon"
                />
</button>,
              <div
                className="collapse navbar-collapse"
                id="navbarNavForm"
>
                
                <ul
                                className="navbar-nav ml-auto"
                >
                                <li
                                                className="nav-item"
                                >
                                                <a
                                                                className="nav-link"
                                                                data-target="#loginModal"
                                                                data-toggle="modal"
                                                                href="#"
                                                >
                                                                donate
                                                </a>
                                </li>
                                <li
                                                className="nav-item"
                                >
                                                <a
                                                                className="nav-link"
                                                                data-target="#loginModal"
                                                                data-toggle="modal"
                                                                href="#"
                                                >
                                                                login
                                                </a>
                                </li>
                                <li
                                                className="nav-item"
                                >
                                                <a
                                                                className="nav-link"
                                                                data-target="#signupModal"
                                                                data-toggle="modal"
                                                                href="#"
                                                >
                                                                sign up
                                                </a>
                                </li>
                </ul>
</div>,
            ],
            "className": "container-fluid mx-2 my-2",
          },
          "ref": null,
          "rendered": Array [
            Object {
              "instance": null,
              "key": undefined,
              "nodeType": "host",
              "props": Object {
                "children": <img
                  id="logo"
                  src="qualitydonationslogo.png"
/>,
                "className": "navbar-brand p-0 mr-4 my-0",
                "href": "#",
              },
              "ref": null,
              "rendered": Object {
                "instance": null,
                "key": undefined,
                "nodeType": "host",
                "props": Object {
                  "id": "logo",
                  "src": "qualitydonationslogo.png",
                },
                "ref": null,
                "rendered": null,
                "type": "img",
              },
              "type": "a",
            },
            Object {
              "instance": null,
              "key": undefined,
              "nodeType": "host",
              "props": Object {
                "children": <span
                  className="navbar-toggler-icon"
/>,
                "className": "navbar-toggler",
                "data-target": "#navbarNavForm",
                "data-toggle": "collapse",
              },
              "ref": null,
              "rendered": Object {
                "instance": null,
                "key": undefined,
                "nodeType": "host",
                "props": Object {
                  "className": "navbar-toggler-icon",
                },
                "ref": null,
                "rendered": null,
                "type": "span",
              },
              "type": "button",
            },
            Object {
              "instance": null,
              "key": undefined,
              "nodeType": "host",
              "props": Object {
                "children": Array [
                  "",
                  <ul
                    className="navbar-nav ml-auto"
>
                    <li
                                        className="nav-item"
                    >
                                        <a
                                                            className="nav-link"
                                                            data-target="#loginModal"
                                                            data-toggle="modal"
                                                            href="#"
                                        >
                                                            donate
                                        </a>
                    </li>
                    <li
                                        className="nav-item"
                    >
                                        <a
                                                            className="nav-link"
                                                            data-target="#loginModal"
                                                            data-toggle="modal"
                                                            href="#"
                                        >
                                                            login
                                        </a>
                    </li>
                    <li
                                        className="nav-item"
                    >
                                        <a
                                                            className="nav-link"
                                                            data-target="#signupModal"
                                                            data-toggle="modal"
                                                            href="#"
                                        >
                                                            sign up
                                        </a>
                    </li>
</ul>,
                ],
                "className": "collapse navbar-collapse",
                "id": "navbarNavForm",
              },
              "ref": null,
              "rendered": Array [
                "",
                Object {
                  "instance": null,
                  "key": undefined,
                  "nodeType": "host",
                  "props": Object {
                    "children": Array [
                      <li
                        className="nav-item"
>
                        <a
                                                className="nav-link"
                                                data-target="#loginModal"
                                                data-toggle="modal"
                                                href="#"
                        >
                                                donate
                        </a>
</li>,
                      <li
                        className="nav-item"
>
                        <a
                                                className="nav-link"
                                                data-target="#loginModal"
                                                data-toggle="modal"
                                                href="#"
                        >
                                                login
                        </a>
</li>,
                      <li
                        className="nav-item"
>
                        <a
                                                className="nav-link"
                                                data-target="#signupModal"
                                                data-toggle="modal"
                                                href="#"
                        >
                                                sign up
                        </a>
</li>,
                    ],
                    "className": "navbar-nav ml-auto",
                  },
                  "ref": null,
                  "rendered": Array [
                    Object {
                      "instance": null,
                      "key": undefined,
                      "nodeType": "host",
                      "props": Object {
                        "children": <a
                          className="nav-link"
                          data-target="#loginModal"
                          data-toggle="modal"
                          href="#"
>
                          donate
</a>,
                        "className": "nav-item",
                      },
                      "ref": null,
                      "rendered": Object {
                        "instance": null,
                        "key": undefined,
                        "nodeType": "host",
                        "props": Object {
                          "children": "donate",
                          "className": "nav-link",
                          "data-target": "#loginModal",
                          "data-toggle": "modal",
                          "href": "#",
                        },
                        "ref": null,
                        "rendered": "donate",
                        "type": "a",
                      },
                      "type": "li",
                    },
                    Object {
                      "instance": null,
                      "key": undefined,
                      "nodeType": "host",
                      "props": Object {
                        "children": <a
                          className="nav-link"
                          data-target="#loginModal"
                          data-toggle="modal"
                          href="#"
>
                          login
</a>,
                        "className": "nav-item",
                      },
                      "ref": null,
                      "rendered": Object {
                        "instance": null,
                        "key": undefined,
                        "nodeType": "host",
                        "props": Object {
                          "children": "login",
                          "className": "nav-link",
                          "data-target": "#loginModal",
                          "data-toggle": "modal",
                          "href": "#",
                        },
                        "ref": null,
                        "rendered": "login",
                        "type": "a",
                      },
                      "type": "li",
                    },
                    Object {
                      "instance": null,
                      "key": undefined,
                      "nodeType": "host",
                      "props": Object {
                        "children": <a
                          className="nav-link"
                          data-target="#signupModal"
                          data-toggle="modal"
                          href="#"
>
                          sign up
</a>,
                        "className": "nav-item",
                      },
                      "ref": null,
                      "rendered": Object {
                        "instance": null,
                        "key": undefined,
                        "nodeType": "host",
                        "props": Object {
                          "children": "sign up",
                          "className": "nav-link",
                          "data-target": "#signupModal",
                          "data-toggle": "modal",
                          "href": "#",
                        },
                        "ref": null,
                        "rendered": "sign up",
                        "type": "a",
                      },
                      "type": "li",
                    },
                  ],
                  "type": "ul",
                },
              ],
              "type": "div",
            },
          ],
          "type": "div",
        },
        Object {
          "instance": null,
          "key": undefined,
          "nodeType": "function",
          "props": Object {
            "handleChange": undefined,
            "handleLoginSubmit": undefined,
            "password": undefined,
            "username": undefined,
          },
          "ref": null,
          "rendered": null,
          "type": [Function],
        },
        Object {
          "instance": null,
          "key": undefined,
          "nodeType": "function",
          "props": Object {
            "handleChange": undefined,
            "handleSignupSubmit": undefined,
            "signupEmail": undefined,
            "signupFirstname": undefined,
            "signupLastname": undefined,
            "signupPassword": undefined,
            "signupUsername": undefined,
            "signupconfirmPassword": undefined,
          },
          "ref": null,
          "rendered": null,
          "type": [Function],
        },
      ],
      "type": "nav",
    },
  ],
  Symbol(enzyme.__options__): Object {
    "adapter": ReactSixteenAdapter {
      "options": Object {
        "enableComponentDidUpdateOnSetState": true,
      },
    },
    "disableLifecycleMethods": true,
  },
}
`;
